npm notice run mytasklists@1.0.0 test:rollout
npm notice run npm run build --workspace @lista/backend && node --test scripts/test-mobile-rollout.mjs
npm notice run @lista/backend@1.0.0 build
npm notice run nest build
TAP version 13
# Subtest: bridge keeps 1.x while enforced requires release confirmation
ok 1 - bridge keeps 1.x while enforced requires release confirmation
  ---
  duration_ms: 0.422833
  type: 'test'
  ...
# Subtest: backend startup rejects a premature global cut
ok 2 - backend startup rejects a premature global cut
  ---
  duration_ms: 0.197125
  type: 'test'
  ...
# Subtest: old accounts remain usable in bridge; old registration gives structured update and working alternatives
ok 3 - old accounts remain usable in bridge; old registration gives structured update and working alternatives
  ---
  duration_ms: 0.234125
  type: 'test'
  ...
# Subtest: enforced cuts old requests before authentication and lets 2.x through
ok 4 - enforced cuts old requests before authentication and lets 2.x through
  ---
  duration_ms: 0.05875
  type: 'test'
  ...
# Subtest: release preflight refuses an old backend and mismatched effective phase
ok 5 - release preflight refuses an old backend and mismatched effective phase
  ---
  duration_ms: 0.260542
  type: 'test'
  ...
# Subtest: cut preflight needs Android and iOS distribution; bridge needs no unpublished artifact
ok 6 - cut preflight needs Android and iOS distribution; bridge needs no unpublished artifact
  ---
  duration_ms: 0.162792
  type: 'test'
  ...
1..6
# tests 6
# suites 0
# pass 6
# fail 0
# cancelled 0
# skipped 0
# todo 0
# duration_ms 122.296625
